// Vitest Snapshot v1, https://vitest.dev/guide/snapshot.html

exports[`ResetPasswordForm > renders reset password form 1`] = `
"<div class="card">
  <div class="card-body">
    <form role="form" method="POST" action="/admin/password-reset/reset" novalidate="">
      <div class="auth-header">
        <h1 class="auth-title">Reset Password</h1>
        <p class="auth-subtitle">Enter your new password</p>
      </div>
      <div class="auth-body">
        <!--v-if-->
        <!--v-if-->
        <div class="mb-3"><label for="email">Email</label>
          <div class="input-group input-group--custom"><span class="input-group-text"><i class="fa fa-envelope"></i></span><input id="email" type="text" class="form-control" name="email" placeholder="Email"></div>
          <!--v-if-->
        </div>
        <div class="mb-3"><label for="password">Password</label>
          <div class="input-group input-group--custom"><span class="input-group-text"><i class="fa fa-lock"></i></span><input id="password" type="password" class="form-control" name="password" placeholder="Password"></div>
          <!--v-if-->
        </div>
        <div class="mb-3"><label for="password_confirmation">Confirm Password</label>
          <div class="input-group input-group--custom"><span class="input-group-text"><i class="fa fa-lock"></i></span><input id="password_confirmation" type="password" class="form-control" name="password_confirmation" placeholder="Confirm Password"></div>
          <!--v-if-->
        </div>
        <div class="mb-3"><button type="submit" class="btn btn-primary submit-btn">
            <!--v-if--> Reset Password
          </button></div>
        <div class="text-center"><a href="/admin/login" class="auth-ghost-link">Back to login</a></div>
      </div>
    </form>
  </div>
</div>"
`;
